Archive member included because of file (symbol)

/usr/bin/../lib/gcc/arm-none-eabi/4.9.3/armv7e-m/fpu/libgcc.a(_arm_addsubdf3.o)
                              /tmp/ccvsMgeL.o (__aeabi_dadd)
/usr/bin/../lib/gcc/arm-none-eabi/4.9.3/armv7e-m/fpu/libgcc.a(_arm_muldivdf3.o)
                              /tmp/ccl6E6fs.o (__aeabi_dmul)
/usr/bin/../lib/gcc/arm-none-eabi/4.9.3/armv7e-m/fpu/libgcc.a(_arm_fixdfsi.o)
                              /tmp/ccjqMZw6.o (__aeabi_d2iz)
/usr/bin/../lib/gcc/arm-none-eabi/4.9.3/armv7e-m/fpu/libgcc.a(_arm_fixunsdfsi.o)
                              /tmp/ccvsMgeL.o (__aeabi_d2uiz)
/usr/bin/../lib/gcc/arm-none-eabi/4.9.3/armv7e-m/fpu/libgcc.a(_aeabi_uldivmod.o)
                              /tmp/ccdOWv4y.o (__aeabi_uldivmod)
/usr/bin/../lib/gcc/arm-none-eabi/4.9.3/armv7e-m/fpu/libgcc.a(_fixunssfdi.o)
                              /tmp/ccBFEQ2W.o (__aeabi_f2ulz)
/usr/bin/../lib/gcc/arm-none-eabi/4.9.3/armv7e-m/fpu/libgcc.a(bpabi.o)
                              /usr/bin/../lib/gcc/arm-none-eabi/4.9.3/armv7e-m/fpu/libgcc.a(_aeabi_uldivmod.o) (__gnu_uldivmod_helper)
/usr/bin/../lib/gcc/arm-none-eabi/4.9.3/armv7e-m/fpu/libgcc.a(_dvmd_tls.o)
                              /usr/bin/../lib/gcc/arm-none-eabi/4.9.3/armv7e-m/fpu/libgcc.a(_aeabi_uldivmod.o) (__aeabi_ldiv0)
/usr/bin/../lib/gcc/arm-none-eabi/4.9.3/armv7e-m/fpu/libgcc.a(_divdi3.o)
                              /usr/bin/../lib/gcc/arm-none-eabi/4.9.3/armv7e-m/fpu/libgcc.a(bpabi.o) (__divdi3)
/usr/bin/../lib/gcc/arm-none-eabi/4.9.3/armv7e-m/fpu/libgcc.a(_udivdi3.o)
                              /usr/bin/../lib/gcc/arm-none-eabi/4.9.3/armv7e-m/fpu/libgcc.a(bpabi.o) (__udivdi3)
/usr/bin/../lib/gcc/arm-none-eabi/4.9.3/../../../../arm-none-eabi/lib/armv7e-m/fpu/libg.a(lib_a-exit.o)
                              /usr/bin/../lib/gcc/arm-none-eabi/4.9.3/../../../../arm-none-eabi/lib/armv7e-m/fpu/crt0.o (exit)
/usr/bin/../lib/gcc/arm-none-eabi/4.9.3/../../../../arm-none-eabi/lib/armv7e-m/fpu/libg.a(lib_a-impure.o)
                              /usr/bin/../lib/gcc/arm-none-eabi/4.9.3/../../../../arm-none-eabi/lib/armv7e-m/fpu/libg.a(lib_a-exit.o) (_global_impure_ptr)
/usr/bin/../lib/gcc/arm-none-eabi/4.9.3/../../../../arm-none-eabi/lib/armv7e-m/fpu/libg.a(lib_a-init.o)
                              /usr/bin/../lib/gcc/arm-none-eabi/4.9.3/../../../../arm-none-eabi/lib/armv7e-m/fpu/crt0.o (__libc_init_array)
/usr/bin/../lib/gcc/arm-none-eabi/4.9.3/../../../../arm-none-eabi/lib/armv7e-m/fpu/libg.a(lib_a-memset.o)
                              /usr/bin/../lib/gcc/arm-none-eabi/4.9.3/../../../../arm-none-eabi/lib/armv7e-m/fpu/crt0.o (memset)
/usr/bin/../lib/gcc/arm-none-eabi/4.9.3/../../../../arm-none-eabi/lib/armv7e-m/fpu/libg.a(lib_a-__call_atexit.o)
                              /usr/bin/../lib/gcc/arm-none-eabi/4.9.3/../../../../arm-none-eabi/lib/armv7e-m/fpu/libg.a(lib_a-exit.o) (__call_exitprocs)
/usr/bin/../lib/gcc/arm-none-eabi/4.9.3/../../../../arm-none-eabi/lib/armv7e-m/fpu/libg.a(lib_a-atexit.o)
                              /usr/bin/../lib/gcc/arm-none-eabi/4.9.3/../../../../arm-none-eabi/lib/armv7e-m/fpu/libg.a(lib_a-__call_atexit.o) (atexit)
/usr/bin/../lib/gcc/arm-none-eabi/4.9.3/../../../../arm-none-eabi/lib/armv7e-m/fpu/libg.a(lib_a-fini.o)
                              /usr/bin/../lib/gcc/arm-none-eabi/4.9.3/../../../../arm-none-eabi/lib/armv7e-m/fpu/libg.a(lib_a-__call_atexit.o) (__libc_fini_array)
/usr/bin/../lib/gcc/arm-none-eabi/4.9.3/../../../../arm-none-eabi/lib/armv7e-m/fpu/libg.a(lib_a-__atexit.o)
                              /usr/bin/../lib/gcc/arm-none-eabi/4.9.3/../../../../arm-none-eabi/lib/armv7e-m/fpu/libg.a(lib_a-atexit.o) (__register_exitproc)

Allocating common symbols
Common symbol       size              file

time_slotdelay      0x4               /tmp/ccvsMgeL.o
time_tx_init        0x8               /tmp/ccvsMgeL.o
msgToSend           0x35              /tmp/ccvsMgeL.o
writetospi          0x4               /tmp/ccl6E6fs.o
frameToSend         0x40              /tmp/ccvsMgeL.o
time_rx_resp        0x8               /tmp/ccvsMgeL.o
user_config         0x24              /tmp/ccvsMgeL.o
rx_buffer           0x40              /tmp/ccvsMgeL.o
Sleep               0x4               /tmp/ccl6E6fs.o
time_tx_bcn         0x8               /tmp/ccvsMgeL.o
readfromspi         0x4               /tmp/ccl6E6fs.o
time_tx_fin         0x8               /tmp/ccvsMgeL.o
time_rx_fin         0x8               /tmp/ccvsMgeL.o
time_tx_resp        0x8               /tmp/ccvsMgeL.o
time_rx_init        0x8               /tmp/ccvsMgeL.o

Discarded input sections

 .text          0x0000000000000000        0x0 /usr/bin/../lib/gcc/arm-none-eabi/4.9.3/armv7e-m/fpu/crti.o
 .data          0x0000000000000000        0x0 /usr/bin/../lib/gcc/arm-none-eabi/4.9.3/armv7e-m/fpu/crti.o
 .bss           0x0000000000000000        0x0 /usr/bin/../lib/gcc/arm-none-eabi/4.9.3/armv7e-m/fpu/crti.o
[...]
Memory Configuration

Name             Origin             Length             Attributes
FLASH            0x0000000008000000 0x0000000000040000 xr
RAM              0x0000000020000000 0x0000000000008000 xrw
ROM_region       0x0000000000000000 0xffffffffffffffff
*default*        0x0000000000000000 0xffffffffffffffff

Linker script and memory map

LOAD /usr/bin/../lib/gcc/arm-none-eabi/4.9.3/armv7e-m/fpu/crti.o
LOAD /usr/bin/../lib/gcc/arm-none-eabi/4.9.3/armv7e-m/fpu/crtbegin.o
LOAD /usr/bin/../lib/gcc/arm-none-eabi/4.9.3/../../../../arm-none-eabi/lib/armv7e-m/fpu/crt0.o
LOAD /usr/bin/../lib/gcc/arm-none-eabi/4.9.3/../../../../arm-none-eabi/lib/armv7e-m/fpu/libm.a
LOAD /tmp/ccPO37hl.o
LOAD /tmp/ccBFEQ2W.o
LOAD /tmp/ccdOWv4y.o
LOAD /tmp/ccHgAfwb.o
LOAD /tmp/cczgardO.o
LOAD /tmp/ccl6E6fs.o
LOAD /tmp/ccjqMZw6.o
LOAD /tmp/ccvsMgeL.o
LOAD /tmp/ccXIELcq.o
LOAD /tmp/ccPcDwv5.o
LOAD /tmp/cczPWpYK.o
LOAD /tmp/cc1Tp35q.o
LOAD /tmp/ccV3Cdo7.o
LOAD /tmp/cchJyg6N.o
LOAD /tmp/ccZ7S3kv.o
LOAD /tmp/ccjteBLc.o
LOAD /tmp/ccFzElyU.o
LOAD /tmp/ccgbRwvC.o
LOAD /tmp/ccMpZqCk.o
LOAD /tmp/ccgAjm02.o
LOAD /tmp/cc24YPuM.o
LOAD /tmp/ccVYMhtw.o
LOAD /tmp/ccHIXlOg.o
LOAD /tmp/ccljQcA1.o
LOAD /tmp/ccFZDfLM.o
LOAD /tmp/ccEcZGTy.o
LOAD /tmp/ccY1xsil.o
LOAD /tmp/ccearcU7.o
LOAD /tmp/cc8uobUU.o
LOAD /tmp/ccEPeS9H.o
LOAD /tmp/ccG1vDEv.o
LOAD /tmp/ccqI5Ilj.o
LOAD /tmp/ccwNi5e7.o
LOAD /tmp/cccy7WvV.o
LOAD /tmp/ccM9PweK.o
LOAD /tmp/ccIgEl8y.o
LOAD /tmp/ccGSVg3n.o
LOAD ./common/stm32f3lib/Libraries/libstm32f3.a
START GROUP
LOAD /usr/bin/../lib/gcc/arm-none-eabi/4.9.3/armv7e-m/fpu/libgcc.a
LOAD /usr/bin/../lib/gcc/arm-none-eabi/4.9.3/../../../../arm-none-eabi/lib/armv7e-m/fpu/libg.a
LOAD /usr/bin/../lib/gcc/arm-none-eabi/4.9.3/../../../../arm-none-eabi/lib/armv7e-m/fpu/libc.a
END GROUP
LOAD /usr/bin/../lib/gcc/arm-none-eabi/4.9.3/armv7e-m/fpu/crtend.o
LOAD /usr/bin/../lib/gcc/arm-none-eabi/4.9.3/armv7e-m/fpu/crtn.o
                0x0000000020008000                _estack = 0x20008000

.isr_vector     0x0000000008000000      0x188
                0x0000000008000000                . = ALIGN (0x4)
 *(.isr_vector)
 .isr_vector    0x0000000008000000      0x188 /tmp/ccGSVg3n.o
                0x0000000008000000                g_pfnVectors
                0x0000000008000188                . = ALIGN (0x4)

.text           0x0000000008000188     0x16c4
                0x0000000008000188                . = ALIGN (0x4)
 *(.text)
 .text          0x0000000008000188      0x370 /usr/bin/../lib/gcc/arm-none-eabi/4.9.3/armv7e-m/fpu/libgcc.a(_arm_addsubdf3.o)
                0x0000000008000188                __aeabi_drsub
                0x0000000008000190                __aeabi_dsub
                0x0000000008000190                __subdf3
                0x0000000008000194                __adddf3
                0x0000000008000194                __aeabi_dadd
                0x000000000800040c                __aeabi_ui2d
                0x000000000800040c                __floatunsidf
                0x000000000800042c                __floatsidf
                0x000000000800042c                __aeabi_i2d
                0x0000000008000450                __extendsfdf2
                0x0000000008000450                __aeabi_f2d
                0x000000000800048c                __aeabi_ul2d
                0x000000000800048c                __floatundidf
                0x000000000800049c                __floatdidf
                0x000000000800049c                __aeabi_l2d
 .text          0x00000000080004f8       0x40 /usr/bin/../lib/gcc/arm-none-eabi/4.9.3/armv7e-m/fpu/libgcc.a(_arm_fixunsdfsi.o)
                0x00000000080004f8                __fixunsdfsi
                0x00000000080004f8                __aeabi_d2uiz
 *(.text.*)
 .text.NMI_Handler
                0x0000000008000538        0x2 /tmp/ccPO37hl.o
                0x0000000008000538                NMI_Handler
 .text.HardFault_Handler
                0x000000000800053a        0x2 /tmp/ccPO37hl.o
                0x000000000800053a                HardFault_Handler
 .text.MemManage_Handler
                0x000000000800053c        0x2 /tmp/ccPO37hl.o
                0x000000000800053c                MemManage_Handler
 .text.BusFault_Handler
                0x000000000800053e        0x2 /tmp/ccPO37hl.o
                0x000000000800053e                BusFault_Handler
 .text.UsageFault_Handler
                0x0000000008000540        0x2 /tmp/ccPO37hl.o
                0x0000000008000540                UsageFault_Handler
 .text.SVC_Handler
                0x0000000008000542        0x2 /tmp/ccPO37hl.o
                0x0000000008000542                SVC_Handler
 .text.DebugMon_Handler
                0x0000000008000544        0x2 /tmp/ccPO37hl.o
                0x0000000008000544                DebugMon_Handler
 .text.PendSV_Handler
                0x0000000008000546        0x2 /tmp/ccPO37hl.o
                0x0000000008000546                PendSV_Handler
 .text.EXTI9_5_IRQHandler
                0x0000000008000548       0x1e /tmp/ccPO37hl.o
                0x0000000008000548                EXTI9_5_IRQHandler
 .text.SysTick_Handler
                0x0000000008000566        0x2 /tmp/ccPO37hl.o
                0x0000000008000566                SysTick_Handler
 .text.startup.main
                0x0000000008000568       0x22 /tmp/ccBFEQ2W.o
                0x0000000008000568                main
 *fill*         0x000000000800058a        0x2 
 .text.ntb_init_gpio
                0x000000000800058c       0xb0 /tmp/ccHgAfwb.o
                0x000000000800058c                ntb_init_gpio
 .text.led_on   0x000000000800063c        0xc /tmp/ccHgAfwb.o
                0x000000000800063c                led_on
 .text.led_off  0x0000000008000648        0xc /tmp/ccHgAfwb.o
                0x0000000008000648                led_off
 .text.dw_init_irq
                0x0000000008000654       0x94 /tmp/ccHgAfwb.o
                0x0000000008000654                dw_init_irq
 .text.ntb_init_spidw
                0x00000000080006e8       0x80 /tmp/ccHgAfwb.o
                0x00000000080006e8                ntb_init_spidw
 .text.ntb_init_hw
                0x0000000008000768       0x12 /tmp/ccHgAfwb.o
                0x0000000008000768                ntb_init_hw
 .text.ntb_busywait_ms
                0x000000000800077a       0x22 /tmp/ccHgAfwb.o
                0x000000000800077a                ntb_busywait_ms
 .text.dwt_writetodevice
                0x000000000800079c       0x48 /tmp/ccl6E6fs.o
                0x000000000800079c                dwt_writetodevice
 .text.dwt_writetxdata
                0x00000000080007e4       0x20 /tmp/ccl6E6fs.o
                0x00000000080007e4                dwt_writetxdata
 .text.dwt_readfromdevice
                0x0000000008000804       0x44 /tmp/ccl6E6fs.o
                0x0000000008000804                dwt_readfromdevice
 .text.dwt_readrxtimestamp
                0x0000000008000848        0xc /tmp/ccl6E6fs.o
                0x0000000008000848                dwt_readrxtimestamp
 .text.dwt_read32bitoffsetreg
                0x0000000008000854       0x44 /tmp/ccl6E6fs.o
                0x0000000008000854                dwt_read32bitoffsetreg
 .text.dwt_readsystimestamphi32
                0x0000000008000898        0x8 /tmp/ccl6E6fs.o
                0x0000000008000898                dwt_readsystimestamphi32
 .text.dwt_read16bitoffsetreg
                0x00000000080008a0       0x30 /tmp/ccl6E6fs.o
                0x00000000080008a0                dwt_read16bitoffsetreg
 .text.dwt_write32bitoffsetreg
                0x00000000080008d0       0x30 /tmp/ccl6E6fs.o
                0x00000000080008d0                dwt_write32bitoffsetreg
 .text.dwt_writetxfctrl
                0x0000000008000900       0x1c /tmp/ccl6E6fs.o
                0x0000000008000900                dwt_writetxfctrl
 .text.dwt_entersleepaftertx
                0x000000000800091c       0x2e /tmp/ccl6E6fs.o
                0x000000000800091c                dwt_entersleepaftertx
 *fill*         0x000000000800094a        0x2 
 .text.dwt_setdelayedtrxtime
                0x000000000800094c        0xc /tmp/ccl6E6fs.o
                0x000000000800094c                dwt_setdelayedtrxtime
 .text.dwt_starttx
                0x0000000008000958       0x90 /tmp/ccl6E6fs.o
                0x0000000008000958                dwt_starttx
 .text.dwt_syncrxbufptrs
                0x00000000080009e8       0x3a /tmp/ccl6E6fs.o
                0x00000000080009e8                dwt_syncrxbufptrs
 *fill*         0x0000000008000a22        0x2 
 .text.dwt_forcetrxoff
                0x0000000008000a24       0x58 /tmp/ccl6E6fs.o
                0x0000000008000a24                dwt_forcetrxoff
 .text.dwt_rxenable
                0x0000000008000a7c       0x84 /tmp/ccl6E6fs.o
                0x0000000008000a7c                dwt_rxenable
 .text.dwt_rxreset
                0x0000000008000b00       0x2e /tmp/ccl6E6fs.o
                0x0000000008000b00                dwt_rxreset
 *fill*         0x0000000008000b2e        0x2 
 .text.dw_debug
                0x0000000008000b30        0xc /tmp/ccvsMgeL.o
 .text.dw_process_time
                0x0000000008000b3c       0x28 /tmp/ccvsMgeL.o
 .text.dw_getRxQuality.isra.0
                0x0000000008000b64       0x5a /tmp/ccvsMgeL.o
 *fill*         0x0000000008000bbe        0x2 
 .text.dw_send_ieee_data_delayed.constprop.4
                0x0000000008000bc0       0x58 /tmp/ccvsMgeL.o
 .text.decaranging_isr
                0x0000000008000c18      0x540 /tmp/ccvsMgeL.o
                0x0000000008000c18                decaranging_isr
 .text.dw_spi_configprescaler
                0x0000000008001158       0x5c /tmp/ccPcDwv5.o
                0x0000000008001158                dw_spi_configprescaler
 .text.NVIC_Init
                0x00000000080011b4       0x6c /tmp/ccMpZqCk.o
                0x00000000080011b4                NVIC_Init
 .text.RCC_AHBPeriphClockCmd
                0x0000000008001220       0x18 /tmp/ccVYMhtw.o
                0x0000000008001220                RCC_AHBPeriphClockCmd
 .text.RCC_APB2PeriphClockCmd
                0x0000000008001238       0x18 /tmp/ccVYMhtw.o
                0x0000000008001238                RCC_APB2PeriphClockCmd
 .text.RCC_APB2PeriphResetCmd
                0x0000000008001250       0x18 /tmp/ccVYMhtw.o
                0x0000000008001250                RCC_APB2PeriphResetCmd
 .text.RCC_APB1PeriphResetCmd
                0x0000000008001268       0x18 /tmp/ccVYMhtw.o
                0x0000000008001268                RCC_APB1PeriphResetCmd
 .text.SPI_I2S_DeInit
                0x0000000008001280       0x7c /tmp/ccHIXlOg.o
                0x0000000008001280                SPI_I2S_DeInit
 .text.SPI_Init
                0x00000000080012fc       0xa4 /tmp/ccHIXlOg.o
                0x00000000080012fc                SPI_Init
 .text.SPI_Cmd  0x00000000080013a0       0x18 /tmp/ccHIXlOg.o
                0x00000000080013a0                SPI_Cmd
 .text.SPI_DataSizeConfig
                0x00000000080013b8       0x10 /tmp/ccHIXlOg.o
                0x00000000080013b8                SPI_DataSizeConfig
 .text.SPI_RxFIFOThresholdConfig
                0x00000000080013c8       0x16 /tmp/ccHIXlOg.o
                0x00000000080013c8                SPI_RxFIFOThresholdConfig
 .text.SPI_SSOutputCmd
                0x00000000080013de       0x18 /tmp/ccHIXlOg.o
                0x00000000080013de                SPI_SSOutputCmd
 .text.SYSCFG_EXTILineConfig
                0x00000000080013f6       0x2a /tmp/ccearcU7.o
                0x00000000080013f6                SYSCFG_EXTILineConfig
 .text.GPIO_Init
                0x0000000008001420       0x78 /tmp/cc8uobUU.o
                0x0000000008001420                GPIO_Init
 .text.GPIO_SetBits
                0x0000000008001498        0x4 /tmp/cc8uobUU.o
                0x0000000008001498                GPIO_SetBits
 .text.GPIO_ResetBits
                0x000000000800149c        0x4 /tmp/cc8uobUU.o
                0x000000000800149c                GPIO_ResetBits
 .text.GPIO_PinAFConfig
                0x00000000080014a0       0x24 /tmp/cc8uobUU.o
                0x00000000080014a0                GPIO_PinAFConfig
 .text.EXTI_Init
                0x00000000080014c4      0x104 /tmp/ccwNi5e7.o
                0x00000000080014c4                EXTI_Init
 .text.EXTI_GetITStatus
                0x00000000080015c8       0x20 /tmp/ccwNi5e7.o
                0x00000000080015c8                EXTI_GetITStatus
 .text.EXTI_ClearITPendingBit
                0x00000000080015e8       0x18 /tmp/ccwNi5e7.o
                0x00000000080015e8                EXTI_ClearITPendingBit
 .text.SystemInit
                0x0000000008001600       0xfc /tmp/ccIgEl8y.o
                0x0000000008001600                SystemInit
 .text.Reset_Handler
                0x00000000080016fc       0x48 /tmp/ccGSVg3n.o
                0x00000000080016fc                Reset_Handler
 .text.Default_Handler
                0x0000000008001744        0x2 /tmp/ccGSVg3n.o
                0x0000000008001744                RTC_Alarm_IRQHandler
                0x0000000008001744                TIM8_TRG_COM_IRQHandler
                0x0000000008001744                TIM8_CC_IRQHandler
                0x0000000008001744                TIM1_CC_IRQHandler
                0x0000000008001744                USB_HP_IRQHandler
                0x0000000008001744                PVD_IRQHandler
                0x0000000008001744                EXTI3_IRQHandler
                0x0000000008001744                EXTI0_IRQHandler
                0x0000000008001744                I2C2_EV_IRQHandler
                0x0000000008001744                FPU_IRQHandler
                0x0000000008001744                EXTI2_TS_IRQHandler
                0x0000000008001744                TIM1_UP_TIM16_IRQHandler
                0x0000000008001744                ADC1_2_IRQHandler
                0x0000000008001744                SPI1_IRQHandler
                0x0000000008001744                TIM6_DAC_IRQHandler
                0x0000000008001744                TIM8_UP_IRQHandler
                0x0000000008001744                DMA2_Channel2_IRQHandler
                0x0000000008001744                DMA1_Channel4_IRQHandler
                0x0000000008001744                USART3_IRQHandler
                0x0000000008001744                DMA1_Channel7_IRQHandler
                0x0000000008001744                CAN1_RX1_IRQHandler
                0x0000000008001744                UART5_IRQHandler
                0x0000000008001744                ADC3_IRQHandler
                0x0000000008001744                TIM4_IRQHandler
                0x0000000008001744                DMA2_Channel1_IRQHandler
                0x0000000008001744                I2C1_EV_IRQHandler
                0x0000000008001744                DMA1_Channel6_IRQHandler
                0x0000000008001744                UART4_IRQHandler
                0x0000000008001744                DMA2_Channel4_IRQHandler
                0x0000000008001744                TIM3_IRQHandler
                0x0000000008001744                RCC_IRQHandler
                0x0000000008001744                DMA1_Channel1_IRQHandler
                0x0000000008001744                Default_Handler
                0x0000000008001744                USBWakeUp_RMP_IRQHandler
                0x0000000008001744                EXTI15_10_IRQHandler
                0x0000000008001744                TIM7_IRQHandler
                0x0000000008001744                TAMPER_STAMP_IRQHandler
                0x0000000008001744                RTC_WKUP_IRQHandler
                0x0000000008001744                SPI2_IRQHandler
                0x0000000008001744                DMA2_Channel5_IRQHandler
                0x0000000008001744                DMA1_Channel5_IRQHandler
                0x0000000008001744                USB_LP_IRQHandler
                0x0000000008001744                EXTI4_IRQHandler
                0x0000000008001744                USB_LP_CAN1_RX0_IRQHandler
                0x0000000008001744                TIM1_TRG_COM_TIM17_IRQHandler
                0x0000000008001744                USB_HP_CAN1_TX_IRQHandler
                0x0000000008001744                DMA1_Channel3_IRQHandler
                0x0000000008001744                ADC4_IRQHandler
                0x0000000008001744                WWDG_IRQHandler
                0x0000000008001744                TIM2_IRQHandler
                0x0000000008001744                COMP7_IRQHandler
                0x0000000008001744                COMP1_2_3_IRQHandler
                0x0000000008001744                EXTI1_IRQHandler
                0x0000000008001744                USART2_IRQHandler
                0x0000000008001744                COMP4_5_6_IRQHandler
                0x0000000008001744                I2C2_ER_IRQHandler
                0x0000000008001744                DMA1_Channel2_IRQHandler
                0x0000000008001744                TIM8_BRK_IRQHandler
                0x0000000008001744                CAN1_SCE_IRQHandler
                0x0000000008001744                FLASH_IRQHandler
                0x0000000008001744                USART1_IRQHandler
                0x0000000008001744                SPI3_IRQHandler
                0x0000000008001744                I2C1_ER_IRQHandler
                0x0000000008001744                USBWakeUp_IRQHandler
                0x0000000008001744                DMA2_Channel3_IRQHandler
                0x0000000008001744                TIM1_BRK_TIM15_IRQHandler
 *fill*         0x0000000008001746        0x2 
 .text.__libc_init_array
                0x0000000008001748       0x50 /usr/bin/../lib/gcc/arm-none-eabi/4.9.3/../../../../arm-none-eabi/lib/armv7e-m/fpu/libg.a(lib_a-init.o)
                0x0000000008001748                __libc_init_array
 .text.memset   0x0000000008001798       0x9c /usr/bin/../lib/gcc/arm-none-eabi/4.9.3/../../../../arm-none-eabi/lib/armv7e-m/fpu/libg.a(lib_a-memset.o)
                0x0000000008001798                memset
 *(.rodata)
 *(.rodata*)
 *(.glue_7)
 .glue_7        0x0000000000000000        0x0 linker stubs
 *(.glue_7t)
 .glue_7t       0x0000000000000000        0x0 linker stubs
 *(.init)
 .init          0x0000000008001834        0x4 /usr/bin/../lib/gcc/arm-none-eabi/4.9.3/armv7e-m/fpu/crti.o
                0x0000000008001834                _init
 .init          0x0000000008001838        0x8 /usr/bin/../lib/gcc/arm-none-eabi/4.9.3/armv7e-m/fpu/crtn.o
 *(.fini)
 .fini          0x0000000008001840        0x4 /usr/bin/../lib/gcc/arm-none-eabi/4.9.3/armv7e-m/fpu/crti.o
                0x0000000008001840                _fini
 .fini          0x0000000008001844        0x8 /usr/bin/../lib/gcc/arm-none-eabi/4.9.3/armv7e-m/fpu/crtn.o
                0x000000000800184c                . = ALIGN (0x4)
                0x000000000800184c                _etext = .
                0x000000000800184c                _sidata = _etext

.vfp11_veneer   0x000000000800184c        0x0
 .vfp11_veneer  0x0000000000000000        0x0 linker stubs

.v4_bx          0x000000000800184c        0x0
 .v4_bx         0x0000000000000000        0x0 linker stubs

.iplt           0x000000000800184c        0x0
 .iplt          0x0000000000000000        0x0 /usr/bin/../lib/gcc/arm-none-eabi/4.9.3/armv7e-m/fpu/crtbegin.o

.rel.dyn        0x000000000800184c        0x0
 .rel.iplt      0x0000000000000000        0x0 /usr/bin/../lib/gcc/arm-none-eabi/4.9.3/armv7e-m/fpu/crtbegin.o

.data           0x0000000020000000        0x0 load address 0x000000000800184c
                0x0000000020000000                . = ALIGN (0x4)
                0x0000000020000000                _sdata = .
                0x0000000020000000                _data = .
 *(.data)
 *(.data.*)
 *(.RAMtext)
                0x0000000020000000                . = ALIGN (0x4)
                0x0000000020000000                _edata = .

.igot.plt       0x0000000020000000        0x0
 .igot.plt      0x0000000000000000        0x0 /usr/bin/../lib/gcc/arm-none-eabi/4.9.3/armv7e-m/fpu/crtbegin.o

.bss            0x0000000020000000      0x1c0
                0x0000000020000000                . = ALIGN (0x4)
                0x0000000020000000                _sbss = .
                0x0000000020000000                _bss = .
 *(.bss)
 *(.bss.*)
 .bss.dw1000local
                0x0000000020000000       0x7c /tmp/ccl6E6fs.o
 .bss.current_state
                0x000000002000007c        0x1 /tmp/ccvsMgeL.o
                0x000000002000007c                current_state
 *fill*         0x000000002000007d        0x3 
 .bss.timer_overflows
                0x0000000020000080        0x4 /tmp/ccvsMgeL.o
                0x0000000020000080                timer_overflows
 .bss.dwr_initialized
                0x0000000020000084        0x4 /tmp/ccvsMgeL.o
                0x0000000020000084                dwr_initialized
 .bss.time_last
                0x0000000020000088        0x8 /tmp/ccvsMgeL.o
                0x0000000020000088                time_last
 *(COMMON)
 COMMON         0x0000000020000090        0xc /tmp/ccl6E6fs.o
                0x0000000020000090                writetospi
                0x0000000020000094                Sleep
                0x0000000020000098                readfromspi
 *fill*         0x000000002000009c        0x4 
 COMMON         0x00000000200000a0      0x120 /tmp/ccvsMgeL.o
                0x00000000200000a0                time_slotdelay
                0x00000000200000a8                time_tx_init
                0x00000000200000b0                msgToSend
                0x00000000200000e5                frameToSend
                0x0000000020000128                time_rx_resp
                0x0000000020000130                user_config
                0x0000000020000154                rx_buffer
                0x0000000020000198                time_tx_bcn
                0x00000000200001a0                time_tx_fin
                0x00000000200001a8                time_rx_fin
                0x00000000200001b0                time_tx_resp
                0x00000000200001b8                time_rx_init
                0x00000000200001c0                . = ALIGN (0x4)
                0x00000000200001c0                _ebss = .
                0x00000000200001c0                PROVIDE (end, _ebss)
                0x00000000200001c0                PROVIDE (_end, _ebss)

.ARM.exidx      0x0000000000000000        0x0
                0x0000000000000000                __exidx_start = .
 *(.ARM.exidx* .gnu.linkonce.armexidx.*)
                0x0000000000000000                __exidx_end = .

/DISCARD/
 libc.a(*)
 libm.a(*)
 libgcc.a(*)

.stab
 *(.stab)

.stabstr
 *(.stabstr)

.stab.excl
 *(.stab.excl)

.stab.exclstr
 *(.stab.exclstr)

.stab.index
 *(.stab.index)

.stab.indexstr
 *(.stab.indexstr)

.comment        0x0000000000000000       0x70
 *(.comment)
 .comment       0x0000000000000000       0x70 /tmp/ccPO37hl.o
                                         0x71 (size before relaxing)
 .comment       0x0000000000000000       0x71 /tmp/ccBFEQ2W.o
 .comment       0x0000000000000000       0x71 /tmp/ccHgAfwb.o
 .comment       0x0000000000000000       0x71 /tmp/ccl6E6fs.o
 .comment       0x0000000000000000       0x71 /tmp/ccvsMgeL.o
 .comment       0x0000000000000000       0x71 /tmp/ccPcDwv5.o
 .comment       0x0000000000000000       0x71 /tmp/ccMpZqCk.o
 .comment       0x0000000000000000       0x71 /tmp/ccVYMhtw.o
 .comment       0x0000000000000000       0x71 /tmp/ccHIXlOg.o
 .comment       0x0000000000000000       0x71 /tmp/ccearcU7.o
 .comment       0x0000000000000000       0x71 /tmp/cc8uobUU.o
 .comment       0x0000000000000000       0x71 /tmp/ccwNi5e7.o
 .comment       0x0000000000000000       0x71 /tmp/ccIgEl8y.o

.ARM.attributes
                0x0000000000000000       0x30
 .ARM.attributes
                0x0000000000000000       0x22 /usr/bin/../lib/gcc/arm-none-eabi/4.9.3/armv7e-m/fpu/crti.o
 .ARM.attributes
                0x0000000000000022       0x39 /tmp/ccPO37hl.o
 .ARM.attributes
                0x000000000000005b       0x39 /tmp/ccBFEQ2W.o
 .ARM.attributes
                0x0000000000000094       0x39 /tmp/ccHgAfwb.o
 .ARM.attributes
                0x00000000000000cd       0x39 /tmp/ccl6E6fs.o
 .ARM.attributes
                0x0000000000000106       0x39 /tmp/ccvsMgeL.o
 .ARM.attributes
                0x000000000000013f       0x39 /tmp/ccPcDwv5.o
 .ARM.attributes
                0x0000000000000178       0x39 /tmp/ccMpZqCk.o
 .ARM.attributes
                0x00000000000001b1       0x39 /tmp/ccVYMhtw.o
 .ARM.attributes
                0x00000000000001ea       0x39 /tmp/ccHIXlOg.o
 .ARM.attributes
                0x0000000000000223       0x39 /tmp/ccearcU7.o
 .ARM.attributes
                0x000000000000025c       0x39 /tmp/cc8uobUU.o
 .ARM.attributes
                0x0000000000000295       0x39 /tmp/ccwNi5e7.o
 .ARM.attributes
                0x00000000000002ce       0x39 /tmp/ccIgEl8y.o
 .ARM.attributes
                0x0000000000000307       0x21 /tmp/ccGSVg3n.o
 .ARM.attributes
                0x0000000000000328       0x22 /usr/bin/../lib/gcc/arm-none-eabi/4.9.3/armv7e-m/fpu/libgcc.a(_arm_addsubdf3.o)
 .ARM.attributes
                0x000000000000034a       0x22 /usr/bin/../lib/gcc/arm-none-eabi/4.9.3/armv7e-m/fpu/libgcc.a(_arm_fixunsdfsi.o)
 .ARM.attributes
                0x000000000000036c       0x34 /usr/bin/../lib/gcc/arm-none-eabi/4.9.3/../../../../arm-none-eabi/lib/armv7e-m/fpu/libg.a(lib_a-init.o)
 .ARM.attributes
                0x00000000000003a0       0x34 /usr/bin/../lib/gcc/arm-none-eabi/4.9.3/../../../../arm-none-eabi/lib/armv7e-m/fpu/libg.a(lib_a-memset.o)
 .ARM.attributes
                0x00000000000003d4       0x22 /usr/bin/../lib/gcc/arm-none-eabi/4.9.3/armv7e-m/fpu/crtn.o

.debug
 *(.debug)

.line
 *(.line)

.debug_srcinfo
 *(.debug_srcinfo)

.debug_sfnames
 *(.debug_sfnames)

.debug_aranges  0x0000000000000000      0x940
 *(.debug_aranges)
 .debug_aranges
                0x0000000000000000       0x68 /tmp/ccPO37hl.o
 .debug_aranges
                0x0000000000000068       0x50 /tmp/ccBFEQ2W.o
 .debug_aranges
                0x00000000000000b8       0x78 /tmp/ccHgAfwb.o
 .debug_aranges
                0x0000000000000130      0x2c8 /tmp/ccl6E6fs.o
 .debug_aranges
                0x00000000000003f8       0x88 /tmp/ccvsMgeL.o
 .debug_aranges
                0x0000000000000480       0x58 /tmp/ccPcDwv5.o
 .debug_aranges
                0x00000000000004d8       0x40 /tmp/ccMpZqCk.o
 .debug_aranges
                0x0000000000000518      0x158 /tmp/ccVYMhtw.o
 .debug_aranges
                0x0000000000000670      0x118 /tmp/ccHIXlOg.o
 .debug_aranges
                0x0000000000000788       0x90 /tmp/ccearcU7.o
 .debug_aranges
                0x0000000000000818       0x80 /tmp/cc8uobUU.o
 .debug_aranges
                0x0000000000000898       0x58 /tmp/ccwNi5e7.o
 .debug_aranges
                0x00000000000008f0       0x28 /tmp/ccIgEl8y.o
 .debug_aranges
                0x0000000000000918       0x28 /tmp/ccGSVg3n.o

.debug_pubnames
 *(.debug_pubnames)

.debug_info     0x0000000000000000     0xaae5
 *(.debug_info .gnu.linkonce.wi.*)
 .debug_info    0x0000000000000000      0x226 /tmp/ccPO37hl.o
 .debug_info    0x0000000000000226      0x76e /tmp/ccBFEQ2W.o
 .debug_info    0x0000000000000994      0xf8e /tmp/ccHgAfwb.o
 .debug_info    0x0000000000001922     0x40dd /tmp/ccl6E6fs.o
 .debug_info    0x00000000000059ff     0x1722 /tmp/ccvsMgeL.o
 .debug_info    0x0000000000007121      0x79c /tmp/ccPcDwv5.o
 .debug_info    0x00000000000078bd      0x545 /tmp/ccMpZqCk.o
 .debug_info    0x0000000000007e02      0xb88 /tmp/ccVYMhtw.o
 .debug_info    0x000000000000898a      0xcb4 /tmp/ccHIXlOg.o
 .debug_info    0x000000000000963e      0x4c1 /tmp/ccearcU7.o
 .debug_info    0x0000000000009aff      0x70f /tmp/cc8uobUU.o
 .debug_info    0x000000000000a20e      0x3b1 /tmp/ccwNi5e7.o
 .debug_info    0x000000000000a5bf      0x4bc /tmp/ccIgEl8y.o
 .debug_info    0x000000000000aa7b       0x6a /tmp/ccGSVg3n.o

.debug_abbrev   0x0000000000000000     0x1b99
 *(.debug_abbrev)
 .debug_abbrev  0x0000000000000000      0x149 /tmp/ccPO37hl.o
 .debug_abbrev  0x0000000000000149      0x263 /tmp/ccBFEQ2W.o
 .debug_abbrev  0x00000000000003ac      0x27d /tmp/ccHgAfwb.o
 .debug_abbrev  0x0000000000000629      0x3c0 /tmp/ccl6E6fs.o
 .debug_abbrev  0x00000000000009e9      0x40e /tmp/ccvsMgeL.o
 .debug_abbrev  0x0000000000000df7      0x1e9 /tmp/ccPcDwv5.o
 .debug_abbrev  0x0000000000000fe0      0x156 /tmp/ccMpZqCk.o
 .debug_abbrev  0x0000000000001136      0x20b /tmp/ccVYMhtw.o
 .debug_abbrev  0x0000000000001341      0x1ed /tmp/ccHIXlOg.o
 .debug_abbrev  0x000000000000152e      0x1a1 /tmp/ccearcU7.o
 .debug_abbrev  0x00000000000016cf      0x1e8 /tmp/cc8uobUU.o
 .debug_abbrev  0x00000000000018b7      0x18b /tmp/ccwNi5e7.o
 .debug_abbrev  0x0000000000001a42      0x145 /tmp/ccIgEl8y.o
 .debug_abbrev  0x0000000000001b87       0x12 /tmp/ccGSVg3n.o

.debug_line     0x0000000000000000     0x3285
 *(.debug_line)
 .debug_line    0x0000000000000000      0x24c /tmp/ccPO37hl.o
 .debug_line    0x000000000000024c      0x202 /tmp/ccBFEQ2W.o
 .debug_line    0x000000000000044e      0x34e /tmp/ccHgAfwb.o
 .debug_line    0x000000000000079c      0xd38 /tmp/ccl6E6fs.o
 .debug_line    0x00000000000014d4      0x424 /tmp/ccvsMgeL.o
 .debug_line    0x00000000000018f8      0x2cb /tmp/ccPcDwv5.o
 .debug_line    0x0000000000001bc3      0x21c /tmp/ccMpZqCk.o
 .debug_line    0x0000000000001ddf      0x598 /tmp/ccVYMhtw.o
 .debug_line    0x0000000000002377      0x4da /tmp/ccHIXlOg.o
 .debug_line    0x0000000000002851      0x28c /tmp/ccearcU7.o
 .debug_line    0x0000000000002add      0x2f1 /tmp/cc8uobUU.o
 .debug_line    0x0000000000002dce      0x262 /tmp/ccwNi5e7.o
 .debug_line    0x0000000000003030      0x1d4 /tmp/ccIgEl8y.o
 .debug_line    0x0000000000003204       0x81 /tmp/ccGSVg3n.o

.debug_frame    0x0000000000000000     0x1784
 *(.debug_frame)
 .debug_frame   0x0000000000000000       0xc0 /tmp/ccPO37hl.o
 .debug_frame   0x00000000000000c0       0xb4 /tmp/ccBFEQ2W.o
 .debug_frame   0x0000000000000174      0x144 /tmp/ccHgAfwb.o
 .debug_frame   0x00000000000002b8      0x9bc /tmp/ccl6E6fs.o
 .debug_frame   0x0000000000000c74      0x17c /tmp/ccvsMgeL.o
 .debug_frame   0x0000000000000df0       0xcc /tmp/ccPcDwv5.o
 .debug_frame   0x0000000000000ebc       0x68 /tmp/ccMpZqCk.o
 .debug_frame   0x0000000000000f24      0x2a8 /tmp/ccVYMhtw.o
 .debug_frame   0x00000000000011cc      0x260 /tmp/ccHIXlOg.o
 .debug_frame   0x000000000000142c      0x108 /tmp/ccearcU7.o
 .debug_frame   0x0000000000001534      0x108 /tmp/cc8uobUU.o
 .debug_frame   0x000000000000163c       0xa4 /tmp/ccwNi5e7.o
 .debug_frame   0x00000000000016e0       0x44 /tmp/ccIgEl8y.o
 .debug_frame   0x0000000000001724       0x2c /usr/bin/../lib/gcc/arm-none-eabi/4.9.3/../../../../arm-none-eabi/lib/armv7e-m/fpu/libg.a(lib_a-init.o)
 .debug_frame   0x0000000000001750       0x34 /usr/bin/../lib/gcc/arm-none-eabi/4.9.3/../../../../arm-none-eabi/lib/armv7e-m/fpu/libg.a(lib_a-memset.o)

.debug_str      0x0000000000000000     0x3243
 *(.debug_str)
 .debug_str     0x0000000000000000      0x279 /tmp/ccPO37hl.o
                                        0x2cd (size before relaxing)
 .debug_str     0x0000000000000279      0x33e /tmp/ccBFEQ2W.o
                                        0x532 (size before relaxing)
 .debug_str     0x00000000000005b7      0xa4e /tmp/ccHgAfwb.o
                                        0xc5d (size before relaxing)
 .debug_str     0x0000000000001005      0xb2a /tmp/ccl6E6fs.o
                                        0xdc8 (size before relaxing)
 .debug_str     0x0000000000001b2f      0x545 /tmp/ccvsMgeL.o
                                        0xbcd (size before relaxing)
 .debug_str     0x0000000000002074       0xe0 /tmp/ccPcDwv5.o
                                        0x49a (size before relaxing)
 .debug_str     0x0000000000002154      0x152 /tmp/ccMpZqCk.o
                                        0x459 (size before relaxing)
 .debug_str     0x00000000000022a6      0x6aa /tmp/ccVYMhtw.o
                                        0x936 (size before relaxing)
 .debug_str     0x0000000000002950      0x34c /tmp/ccHIXlOg.o
                                        0x928 (size before relaxing)
 .debug_str     0x0000000000002c9c      0x2c6 /tmp/ccearcU7.o
                                        0x546 (size before relaxing)
 .debug_str     0x0000000000002f62      0x145 /tmp/cc8uobUU.o
                                        0x557 (size before relaxing)
 .debug_str     0x00000000000030a7       0xdf /tmp/ccwNi5e7.o
                                        0x3fe (size before relaxing)
 .debug_str     0x0000000000003186       0xbd /tmp/ccIgEl8y.o
                                        0x39f (size before relaxing)

.debug_loc      0x0000000000000000     0x43bf
 *(.debug_loc)
 .debug_loc     0x0000000000000000       0xd6 /tmp/ccBFEQ2W.o
 .debug_loc     0x00000000000000d6      0x21d /tmp/ccHgAfwb.o
 .debug_loc     0x00000000000002f3     0x1acd /tmp/ccl6E6fs.o
 .debug_loc     0x0000000000001dc0      0x69b /tmp/ccvsMgeL.o
 .debug_loc     0x000000000000245b      0x326 /tmp/ccPcDwv5.o
 .debug_loc     0x0000000000002781      0x170 /tmp/ccMpZqCk.o
 .debug_loc     0x00000000000028f1      0xa6e /tmp/ccVYMhtw.o
 .debug_loc     0x000000000000335f      0x75c /tmp/ccHIXlOg.o
 .debug_loc     0x0000000000003abb      0x31c /tmp/ccearcU7.o
 .debug_loc     0x0000000000003dd7      0x332 /tmp/cc8uobUU.o
 .debug_loc     0x0000000000004109      0x209 /tmp/ccwNi5e7.o
 .debug_loc     0x0000000000004312       0xad /tmp/ccIgEl8y.o

.debug_macinfo
 *(.debug_macinfo)

.debug_weaknames
 *(.debug_weaknames)

.debug_funcnames
 *(.debug_funcnames)

.debug_typenames
 *(.debug_typenames)

.debug_varnames
 *(.debug_varnames)
OUTPUT(build/DecaRangeF3_test.elf elf32-littlearm)

.debug_ranges   0x0000000000000000      0xad8
 .debug_ranges  0x0000000000000000       0x70 /tmp/ccPO37hl.o
 .debug_ranges  0x0000000000000070       0x40 /tmp/ccBFEQ2W.o
 .debug_ranges  0x00000000000000b0       0x68 /tmp/ccHgAfwb.o
 .debug_ranges  0x0000000000000118      0x408 /tmp/ccl6E6fs.o
 .debug_ranges  0x0000000000000520      0x168 /tmp/ccvsMgeL.o
 .debug_ranges  0x0000000000000688       0x48 /tmp/ccPcDwv5.o
 .debug_ranges  0x00000000000006d0       0x30 /tmp/ccMpZqCk.o
 .debug_ranges  0x0000000000000700      0x148 /tmp/ccVYMhtw.o
 .debug_ranges  0x0000000000000848      0x108 /tmp/ccHIXlOg.o
 .debug_ranges  0x0000000000000950       0x80 /tmp/ccearcU7.o
 .debug_ranges  0x00000000000009d0       0x70 /tmp/cc8uobUU.o
 .debug_ranges  0x0000000000000a40       0x48 /tmp/ccwNi5e7.o
 .debug_ranges  0x0000000000000a88       0x30 /tmp/ccIgEl8y.o
 .debug_ranges  0x0000000000000ab8       0x20 /tmp/ccGSVg3n.o
